[all_scheduler] All 4 GPU chains are being watched.
[wait] Waiting for file: /root/decision_transformer_slicing/data/channel_generality/dt_v2_8exp/dt_model_E3_mlp/epoch_60.pth
[all_scheduler] Expected flow:
  GPU0: E5→E9(30ep)→E1r(ep31-60)→E5r(ep31-60)
  GPU1: E6→E10(30ep)→E2r(ep31-60)→E6r(ep31-60)
  GPU2: E7→E3r(ep31-60)→E7r(ep31-60)
  GPU3: E8→E4r(ep31-60)→E8r(ep31-60)
  (E3r/E4r startup already handled by dt_resume_watcher)

  Total wall time estimate (from now):
    GPU2/GPU3: ~1.8h(E7/E8) + 2h(E3r/E4r) + 2h(E7r/E8r) ≈ 6h
    GPU0/GPU1: ~1.8h(E5/E6) + 8h(E9/E10) + 2h(E1r/E2r) + 4h(E5r/E6r) ≈ 16h
[wait] Waiting for file: /root/decision_transformer_slicing/data/channel_generality/dt_v2_8exp/dt_model_E4_slice_attn/epoch_60.pth
[wait] Waiting for file: /root/decision_transformer_slicing/data/channel_generality/dt_v2_8exp/dt_model_E9_mlp/epoch_30.pth
[wait] Waiting for file: /root/decision_transformer_slicing/data/channel_generality/dt_v2_8exp/dt_model_E10_slice_attn/epoch_30.pth
[wait] File found: /root/decision_transformer_slicing/data/channel_generality/dt_v2_8exp/dt_model_E3_mlp/epoch_60.pth
[GPU2] E3r done. Starting E7r...
[launch] tmux new-session -d -s dt_E7r ...
[wait] File found: /root/decision_transformer_slicing/data/channel_generality/dt_v2_8exp/dt_model_E4_slice_attn/epoch_60.pth
[GPU3] E4r done. Starting E8r...
[launch] tmux new-session -d -s dt_E8r ...
[wait] File found: /root/decision_transformer_slicing/data/channel_generality/dt_v2_8exp/dt_model_E9_mlp/epoch_30.pth
[GPU0] E9 done. Starting E1r...
[launch] tmux new-session -d -s dt_E1r ...
[wait] Waiting for file: /root/decision_transformer_slicing/data/channel_generality/dt_v2_8exp/dt_model_E1_mlp/epoch_60.pth
[wait] File found: /root/decision_transformer_slicing/data/channel_generality/dt_v2_8exp/dt_model_E10_slice_attn/epoch_30.pth
[GPU1] E10 done. Starting E2r...
[launch] tmux new-session -d -s dt_E2r ...
[wait] Waiting for file: /root/decision_transformer_slicing/data/channel_generality/dt_v2_8exp/dt_model_E2_slice_attn/epoch_60.pth
[wait] File found: /root/decision_transformer_slicing/data/channel_generality/dt_v2_8exp/dt_model_E1_mlp/epoch_60.pth
[GPU0] E1r done. Starting E5r...
[launch] tmux new-session -d -s dt_E5r ...
[wait] File found: /root/decision_transformer_slicing/data/channel_generality/dt_v2_8exp/dt_model_E2_slice_attn/epoch_60.pth
[GPU1] E2r done. Starting E6r...
[launch] tmux new-session -d -s dt_E6r ...
